0 0 0 -0.00403223 0.342934 0.0161653 -0.00764067 0.677948 0.0185023 -0.0101835 0.842603 0.0113097 -0.192203 0.581392 -0.00213117 -0.43524 0.561486 0.00589708 -0.660172 0.576694 -0.0173398 -0.717411 0.591225 -0.013126 0.169124 0.577191 0.0074833 0.439344 0.56536 0.0321247 0.658852 0.570083 0.0222197 0.756898 0.579539 0.0408673 -0.0810927 0.000556671 -0.0419449 -0.125835 -0.45287 -0.0321368 -0.137398 -0.874789 -0.0107889 -0.146275 -0.967107 -0.0927894 0.0832359 -0.00135593 -0.0418359 0.122335 -0.451065 -0.0154872 0.140486 -0.872948 0.0176668 0.142364 -0.961513 -0.0737669 -0.00681726 0.595317 0.0205123 -0.815941 0.596831 -0.0388692 -0.667341 0.594034 -0.0427199 0.831149 0.576743 0.0220138 0.82467 0.578777 -0.00306345 
